(u8) {0, 1}

(u8) {{0, 1}, {2, 3}}

(u8) {{{0, 1}, {2, 3}}, {{4, 5}, {6, 7}}}

