quote test()

quote test(1)

quote test(1, 2)

quote test(1, 2, 3)

quote Test.test()

quote Test.test(1)

quote Test.test(1, 2)

quote Test.test(1, 2, 3)

