'\0'
'\x01'
'\x10'
'Ā'
'က'
'𐀀'
'0'
'9'
'A'
'Z'
'a'
'z'
'Π'
'ÿ'
'꒴'
'𐅀'
'🎳'
'😄'
'🟣'
'🤩'
