()
(() | ())
((), ())
((), (), ())
((), (), (), ())
((), ())
((), (), ())
((), (), ())
((), (), (), ())
((), ())
((), (), ())
((), (), (), ())
(((), ()), (), ())
((() | ()), ())
(:a | ())
(:a, :b)
(:a, :b, :c)
(:a | :b)
(:a, :b | :c)
(:a, :b, :c, :d)
(:a, :b, :c | :d)
(:a, :b, :c | :d)
(2, 4, 6, 8)
