quote 1 + 2
quote 1 + 2 / 3
quote 1 + 2 / 3 * 4
quote 1 + 2 / 3 * 4 - 5
3
1
4
-1
