" "
"\n"
"0"
"9"
"A"
"Z"
"a"
"z"
"\0"
"\0"
"\001"
"\010"
"\100"
"\0"
"\x01"
"\x0F"
"\x10"
"\xF0"
"\xFF"
"À"
"É"
"Ÿ"
"à"
"é"
"ÿ"
